> react-scripts test "--coverage"

---------------------------------|----------|----------|----------|----------|-------------------|
File                             |  % Stmts | % Branch |  % Funcs |  % Lines | Uncovered Line #s |
---------------------------------|----------|----------|----------|----------|-------------------|
All files                        |    75.74 |       64 |    69.23 |    75.45 |                   |
 src                             |        0 |      100 |      100 |        0 |                   |
  GlobalStyles.js                |        0 |      100 |      100 |        0 |                 3 |
  index.js                       |        0 |      100 |      100 |        0 |                 8 |
 src/components/App              |      100 |      100 |      100 |      100 |                   |
  App.component.jsx              |      100 |      100 |      100 |      100 |                   |
 src/components/Avatar           |       80 |      100 |        0 |       80 |                   |
  Avatar.component.jsx           |    66.67 |      100 |        0 |    66.67 |                 9 |
  Avatar.styled.jsx              |      100 |      100 |      100 |      100 |                   |
  index.js                       |        0 |        0 |        0 |        0 |                   |
 src/components/Layout           |      100 |      100 |      100 |      100 |                   |
  Layout.component.jsx           |      100 |      100 |      100 |      100 |                   |
  Layout.styled.js               |      100 |      100 |      100 |      100 |                   |
 src/components/NavBar           |       85 |       75 |    78.57 |    84.62 |                   |
  NavBar.component.jsx           |    72.73 |       75 |       50 |    72.73 | 46,48,52,53,62,63 |
  NavBar.styled.jsx              |      100 |      100 |      100 |      100 |                   |
  index.js                       |        0 |        0 |        0 |        0 |                   |
 src/components/StyledComponents |      100 |      100 |      100 |      100 |                   |
  StyledButton.js                |      100 |      100 |      100 |      100 |                   |
  StyledLinks.jsx                |      100 |      100 |      100 |      100 |                   |
 src/components/VideoCard        |      100 |       50 |      100 |      100 |                   |
  VideoCard.component.jsx        |      100 |       50 |      100 |      100 |          22,23,25 |
  VideoCard.styled.jsx           |      100 |      100 |      100 |      100 |                   |
  index.js                       |        0 |        0 |        0 |        0 |                   |
 src/components/VideoList        |       80 |      100 |       50 |       80 |                   |
  VideoList.component.jsx        |       75 |      100 |       50 |       75 |             17,27 |
  VideoList.styled.jsx           |      100 |      100 |      100 |      100 |                   |
  index.js                       |        0 |        0 |        0 |        0 |                   |
 src/pages/Home                  |      100 |      100 |      100 |      100 |                   |
  Home.page.jsx                  |      100 |      100 |      100 |      100 |                   |
  Home.page.styled.jsx           |        0 |        0 |        0 |        0 |                   |
 src/pages/Login                 |        0 |      100 |        0 |        0 |                   |
  Login.page.jsx                 |        0 |      100 |        0 |        0 |8,9,12,13,14,15,18 |
 src/pages/TmpHome               |        0 |        0 |        0 |        0 |                   |
  Home.page.jsx                  |        0 |        0 |        0 |        0 |8,9,10,13,14,15,18 |
  index.js                       |        0 |        0 |        0 |        0 |                   |
 src/providers/Auth              |    70.59 |       50 |       60 |    70.59 |                   |
  Auth.provider.jsx              |    70.59 |       50 |       60 |    70.59 |    11,27,28,32,33 |
 src/providers/DarkMode          |    93.33 |       50 |      100 |    92.86 |                   |
  DarkMode.provider.jsx          |    93.33 |       50 |      100 |    92.86 |                12 |
  index.js                       |        0 |        0 |        0 |        0 |                   |
 src/providers/Theme             |      100 |       50 |      100 |      100 |                   |
  Theme.provider.jsx             |      100 |       50 |      100 |      100 |                10 |
  index.js                       |        0 |        0 |        0 |        0 |                   |
 src/utils                       |      100 |      100 |      100 |      100 |                   |
  constants.js                   |      100 |      100 |      100 |      100 |                   |
  deviceBreaks.js                |      100 |      100 |      100 |      100 |                   |
  themes.js                      |      100 |      100 |      100 |      100 |                   |
 src/utils/functions             |    85.71 |      100 |    66.67 |    85.71 |                   |
  fetchData.js                   |      100 |      100 |      100 |      100 |                   |
  getVideoKey.js                 |      100 |      100 |      100 |      100 |                   |
  randomInt.js                   |        0 |      100 |        0 |        0 |                 2 |
 src/utils/hooks                 |       10 |      100 |        0 |       10 |                   |
  useVideos.js                   |       10 |      100 |        0 |       10 |... 14,15,17,21,24 |
---------------------------------|----------|----------|----------|----------|-------------------|

                                                                                                                       
